============================================================
  SDN Intelligent Forwarding Engine — Demo Log
  Started: 2026-06-30 05:09:57
============================================================


────────────────────────────────────────────────────────────
  CYCLE    1   |   2026-06-30 05:09:57
────────────────────────────────────────────────────────────
  Table Size          : 19
  Unicast Forwarded   : 0
  Unknown Unicast Flood: 8
  Avg TTL             : 21.13 s
  Avg Priority Score  : 0.1849
  Avg Forwarding Score: 0.2408

  --- Cumulative Engine Stats ---
  MAC Learned         : 19
  MAC Updated         : 0
  TTL Expired         : 0
  Entries Evicted     : 0
  Unknown Unicast (Σ) : 8

  --- Forwarding Table ---
  MAC                 Switch   Port    TX    TTL  Priority   Score  Flaps
  ─────────────────── ──────── ──── ───── ────── ───────── ─────── ──────
  0e:c8:76:0d:2c:f4   g2_s1       2     0   14.7    0.3214  0.4159      0
  de:64:e8:02:ca:18   g2_s1       2     0   14.7    0.3212  0.4159      0
  7a:e0:13:2d:08:f9   g2_s1       2     0   14.7    0.3208  0.4159      0
  16:01:5f:7d:ff:66   g2_s1       2     0   14.7    0.3203  0.4159      0
  12:34:77:94:dd:6a   g2_s1       2     0   14.7    0.3199  0.4159      0
  56:6f:aa:f9:58:e1   g2_s1       2     0   14.7    0.3194  0.4159      0
  fa:98:de:91:a2:c3   g2_s1       1     0   14.7    0.3190  0.4159      0
  12:e6:3d:ef:4c:96   g2_s1       2     0   14.7    0.3185  0.4159      0
  46:06:45:0a:85:d3   g2_s1       2     0   14.7    0.3181  0.4159      0
  9e:28:9b:61:d4:2e   g2_s1       2     0   14.7    0.3177  0.4159      0
  3e:36:33:a6:63:b5   g2_s1       2     0   14.7    0.3173  0.4159      0
  aa:bb:cc:dd:ee:01   g0_s0       1     2   30.0    0.0000  0.0000      0
  aa:bb:cc:dd:ee:02   g0_s1       2     2   30.0    0.0000  0.0000      0
  aa:bb:cc:dd:ee:03   g0_s0       3     5   30.0    0.0000  0.0000      0
  aa:bb:cc:dd:ee:04   g1_s0       1     5   30.0    0.0000  0.0000      0
  aa:bb:cc:dd:ee:05   g0_s1       4    10   30.0    0.0000  0.0000      0
  aa:bb:cc:dd:ee:06   g1_s0       2    10   30.0    0.0000  0.0000      0
  aa:bb:cc:dd:ee:07   g1_s1       3    20   30.0    0.0000  0.0000      0
  aa:bb:cc:dd:ee:08   g1_s1       4    50   30.0    0.0000  0.0000      0


────────────────────────────────────────────────────────────
  CYCLE    2   |   2026-06-30 05:10:03
────────────────────────────────────────────────────────────
  Table Size          : 19
  Unicast Forwarded   : 8
  Unknown Unicast Flood: 0
  Avg TTL             : 27.19 s
  Avg Priority Score  : 0.3089
  Avg Forwarding Score: 0.5363

  --- Cumulative Engine Stats ---
  MAC Learned         : 19
  MAC Updated         : 11
  TTL Expired         : 0
  Entries Evicted     : 0
  Unknown Unicast (Σ) : 8

  --- Forwarding Table ---
  MAC                 Switch   Port    TX    TTL  Priority   Score  Flaps
  ─────────────────── ──────── ──── ───── ────── ───────── ─────── ──────
  0e:c8:76:0d:2c:f4   g2_s1       2     0   14.4    0.4315  0.4300      0
  de:64:e8:02:ca:18   g2_s1       2     0   14.4    0.4313  0.4300      0
  7a:e0:13:2d:08:f9   g2_s1       2     0   14.4    0.4309  0.4300      0
  16:01:5f:7d:ff:66   g2_s1       2     0   14.4    0.4304  0.4300      0
  12:34:77:94:dd:6a   g2_s1       2     0   14.4    0.4299  0.4300      0
  56:6f:aa:f9:58:e1   g2_s1       2     0   14.4    0.4295  0.4300      0
  fa:98:de:91:a2:c3   g2_s1       1     0   14.4    0.4291  0.4300      0
  12:e6:3d:ef:4c:96   g2_s1       2     0   14.4    0.4286  0.4300      0
  46:06:45:0a:85:d3   g2_s1       2     0   14.4    0.4282  0.4300      0
  9e:28:9b:61:d4:2e   g2_s1       2     0   14.4    0.4278  0.4300      0
  3e:36:33:a6:63:b5   g2_s1       2     0   14.4    0.4274  0.4300      0
  aa:bb:cc:dd:ee:01   g0_s0       1     2   30.3    0.2412  0.5623      0
  aa:bb:cc:dd:ee:02   g0_s1       2     2   30.3    0.2408  0.5623      0
  aa:bb:cc:dd:ee:03   g0_s0       3     5   40.3    0.1506  0.6457      0
  aa:bb:cc:dd:ee:04   g1_s0       1     5   40.3    0.1503  0.6457      0
  aa:bb:cc:dd:ee:05   g0_s1       4    10   49.1    0.1084  0.7187      0
  aa:bb:cc:dd:ee:06   g1_s0       2    10   49.1    0.1081  0.7187      0
  aa:bb:cc:dd:ee:07   g1_s1       3    20   58.4    0.0772  0.7965      0
  aa:bb:cc:dd:ee:08   g1_s1       4    50   60.0    0.0676  0.8097      0


────────────────────────────────────────────────────────────
  CYCLE    3   |   2026-06-30 05:10:08
────────────────────────────────────────────────────────────
  Table Size          : 20
  Unicast Forwarded   : 8
  Unknown Unicast Flood: 0
  Avg TTL             : 25.98 s
  Avg Priority Score  : 0.4731
  Avg Forwarding Score: 0.5244

  --- Cumulative Engine Stats ---
  MAC Learned         : 22
  MAC Updated         : 37
  TTL Expired         : 2
  Entries Evicted     : 0
  Unknown Unicast (Σ) : 8

  --- Forwarding Table ---
  MAC                 Switch   Port    TX    TTL  Priority   Score  Flaps
  ─────────────────── ──────── ──── ───── ────── ───────── ─────── ──────
  0e:c8:76:0d:2c:f4   g2_s1       2     0   14.4    0.5475  0.4276      0
  16:01:5f:7d:ff:66   g2_s1       2     0   14.4    0.5464  0.4276      0
  12:34:77:94:dd:6a   g2_s1       2     0   14.4    0.5459  0.4276      0
  56:6f:aa:f9:58:e1   g2_s1       2     0   14.4    0.5455  0.4276      0
  fa:98:de:91:a2:c3   g2_s1       1     0   14.4    0.5450  0.4276      0
  12:e6:3d:ef:4c:96   g2_s1       2     0   14.4    0.5446  0.4276      0
  46:06:45:0a:85:d3   g2_s1       2     0   14.4    0.5442  0.4276      0
  9e:28:9b:61:d4:2e   g2_s1       2     0   14.4    0.5437  0.4276      0
  3e:36:33:a6:63:b5   g2_s1       2     0   14.4    0.5433  0.4276      0
  aa:bb:cc:dd:ee:01   g0_s0       1     2   30.1    0.2969  0.5590      0
  aa:bb:cc:dd:ee:02   g0_s1       2     2   30.1    0.2965  0.5590      0
  aa:bb:cc:dd:ee:03   g0_s0       3     5   40.1    0.1927  0.6419      0
  aa:bb:cc:dd:ee:04   g1_s0       1     5   40.1    0.1924  0.6419      0
  aa:bb:cc:dd:ee:05   g0_s1       4    10   48.8    0.1432  0.7144      0
  aa:bb:cc:dd:ee:06   g1_s0       2    10   48.8    0.1430  0.7144      0
  aa:bb:cc:dd:ee:07   g1_s1       3    20   58.1    0.1068  0.7917      0
  aa:bb:cc:dd:ee:08   g1_s1       4    50   60.0    0.0955  0.8079      0
  d6:65:a5:b8:df:c5   g1_s1       2     0   10.0    1.2340  0.3912      3
  aa:5a:63:bb:ad:c7   g2_s0       2     0   10.0    1.5332  0.3912      4
  96:ca:29:74:b7:8a   g0_s1       2     0   14.4    0.3216  0.4276      0


────────────────────────────────────────────────────────────
  CYCLE    4   |   2026-06-30 05:10:13
────────────────────────────────────────────────────────────
  Table Size          : 13
  Unicast Forwarded   : 8
  Unknown Unicast Flood: 0
  Avg TTL             : 32.24 s
  Avg Priority Score  : 0.5708
  Avg Forwarding Score: 0.5766

  --- Cumulative Engine Stats ---
  MAC Learned         : 24
  MAC Updated         : 52
  TTL Expired         : 11
  Entries Evicted     : 0
  Unknown Unicast (Σ) : 8

  --- Forwarding Table ---
  MAC                 Switch   Port    TX    TTL  Priority   Score  Flaps
  ─────────────────── ──────── ──── ───── ────── ───────── ─────── ──────
  aa:bb:cc:dd:ee:01   g0_s0       1     2   30.1    0.3496  0.5590      0
  aa:bb:cc:dd:ee:02   g0_s1       2     2   30.1    0.3492  0.5590      0
  aa:bb:cc:dd:ee:03   g0_s0       3     5   40.1    0.2324  0.6419      0
  aa:bb:cc:dd:ee:04   g1_s0       1     5   40.1    0.2321  0.6419      0
  aa:bb:cc:dd:ee:05   g0_s1       4    10   48.8    0.1758  0.7144      0
  aa:bb:cc:dd:ee:06   g1_s0       2    10   48.8    0.1756  0.7144      0
  aa:bb:cc:dd:ee:07   g1_s1       3    20   58.1    0.1341  0.7917      0
  aa:bb:cc:dd:ee:08   g1_s1       4    50   60.0    0.1220  0.8079      0
  d6:65:a5:b8:df:c5   g1_s1       2     0   10.0    1.3930  0.3912      3
  aa:5a:63:bb:ad:c7   g2_s0       2     0   10.0    3.1922  0.3912      9
  96:ca:29:74:b7:8a   g0_s1       2     0   14.4    0.4323  0.4276      0
  de:64:e8:02:ca:18   g2_s1       2     0   14.4    0.3160  0.4276      0
  7a:e0:13:2d:08:f9   g2_s1       2     0   14.4    0.3156  0.4276      0


────────────────────────────────────────────────────────────
  CYCLE    5   |   2026-06-30 05:10:19
────────────────────────────────────────────────────────────
  Table Size          : 20
  Unicast Forwarded   : 8
  Unknown Unicast Flood: 0
  Avg TTL             : 25.76 s
  Avg Priority Score  : 0.4558
  Avg Forwarding Score: 0.5226

  --- Cumulative Engine Stats ---
  MAC Learned         : 33
  MAC Updated         : 68
  TTL Expired         : 13
  Entries Evicted     : 0
  Unknown Unicast (Σ) : 8

  --- Forwarding Table ---
  MAC                 Switch   Port    TX    TTL  Priority   Score  Flaps
  ─────────────────── ──────── ──── ───── ────── ───────── ─────── ──────
  aa:bb:cc:dd:ee:01   g0_s0       1     2   30.1    0.4063  0.5590      0
  aa:bb:cc:dd:ee:02   g0_s1       2     2   30.1    0.4059  0.5590      0
  aa:bb:cc:dd:ee:03   g0_s0       3     5   40.1    0.2749  0.6419      0
  aa:bb:cc:dd:ee:04   g1_s0       1     5   40.1    0.2746  0.6419      0
  aa:bb:cc:dd:ee:05   g0_s1       4    10   48.8    0.2108  0.7144      0
  aa:bb:cc:dd:ee:06   g1_s0       2    10   48.8    0.2105  0.7144      0
  aa:bb:cc:dd:ee:07   g1_s1       3    20   58.1    0.1635  0.7917      0
  aa:bb:cc:dd:ee:08   g1_s1       4    50   60.0    0.1504  0.8079      0
  96:ca:29:74:b7:8a   g0_s1       2     0   14.4    0.5511  0.4276      0
  de:64:e8:02:ca:18   g2_s1       2     0   14.4    0.4348  0.4276      0
  7a:e0:13:2d:08:f9   g2_s1       2     0   14.4    0.4344  0.4276      0
  56:6f:aa:f9:58:e1   g2_s1       2     0   10.0    1.8346  0.3912      5
  12:34:77:94:dd:6a   g2_s1       2     0   10.0    1.2320  0.3912      3
  0e:c8:76:0d:2c:f4   g2_s1       2     0   10.0    0.6286  0.3912      1
  fa:98:de:91:a2:c3   g2_s1       1     0   14.4    0.3182  0.4276      0
  12:e6:3d:ef:4c:96   g2_s1       2     0   14.4    0.3178  0.4276      0
  9e:28:9b:61:d4:2e   g2_s1       2     0   14.4    0.3174  0.4276      0
  3e:36:33:a6:63:b5   g2_s1       2     0   14.4    0.3170  0.4276      0
  46:06:45:0a:85:d3   g2_s1       2     0   14.4    0.3166  0.4276      0
  16:01:5f:7d:ff:66   g2_s1       2     0   14.4    0.3162  0.4276      0


────────────────────────────────────────────────────────────
  CYCLE    6   |   2026-06-30 05:10:24
────────────────────────────────────────────────────────────
  Table Size          : 20
  Unicast Forwarded   : 8
  Unknown Unicast Flood: 0
  Avg TTL             : 25.58 s
  Avg Priority Score  : 0.7691
  Avg Forwarding Score: 0.5217

  --- Cumulative Engine Stats ---
  MAC Learned         : 34
  MAC Updated         : 92
  TTL Expired         : 14
  Entries Evicted     : 0
  Unknown Unicast (Σ) : 8

  --- Forwarding Table ---
  MAC                 Switch   Port    TX    TTL  Priority   Score  Flaps
  ─────────────────── ──────── ──── ───── ────── ───────── ─────── ──────
  aa:bb:cc:dd:ee:01   g0_s0       1     2   30.2    0.4592  0.5601      0
  aa:bb:cc:dd:ee:02   g0_s1       2     2   30.2    0.4588  0.5601      0
  aa:bb:cc:dd:ee:03   g0_s0       3     5   40.2    0.3146  0.6432      0
  aa:bb:cc:dd:ee:04   g1_s0       1     5   40.2    0.3143  0.6432      0
  aa:bb:cc:dd:ee:05   g0_s1       4    10   48.9    0.2433  0.7158      0
  aa:bb:cc:dd:ee:06   g1_s0       2    10   48.9    0.2431  0.7158      0
  aa:bb:cc:dd:ee:07   g1_s1       3    20   58.2    0.1908  0.7933      0
  aa:bb:cc:dd:ee:08   g1_s1       4    50   60.0    0.1772  0.8085      0
  de:64:e8:02:ca:18   g2_s1       2     0   14.4    0.5469  0.4283      0
  7a:e0:13:2d:08:f9   g2_s1       2     0   14.4    0.5465  0.4283      0
  56:6f:aa:f9:58:e1   g2_s1       2     0   10.0    3.7961  0.3918     11
  12:34:77:94:dd:6a   g2_s1       2     0   10.0    2.5936  0.3918      7
  0e:c8:76:0d:2c:f4   g2_s1       2     0   10.0    1.3902  0.3918      3
  fa:98:de:91:a2:c3   g2_s1       1     0   14.4    0.4305  0.4283      0
  12:e6:3d:ef:4c:96   g2_s1       2     0   14.4    0.4301  0.4283      0
  9e:28:9b:61:d4:2e   g2_s1       2     0   14.4    0.4297  0.4283      0
  3e:36:33:a6:63:b5   g2_s1       2     0   14.4    0.4293  0.4283      0
  46:06:45:0a:85:d3   g2_s1       2     0   14.4    0.4289  0.4283      0
  16:01:5f:7d:ff:66   g2_s1       2     0   14.4    0.4285  0.4283      0
  aa:5a:63:bb:ad:c7   g2_s0       2     0   10.0    1.5305  0.3918      4


────────────────────────────────────────────────────────────
  CYCLE    7   |   2026-06-30 05:10:30
────────────────────────────────────────────────────────────
  Table Size          : 15
  Unicast Forwarded   : 6
  Unknown Unicast Flood: 2
  Avg TTL             : 30.21 s
  Avg Priority Score  : 0.5421
  Avg Forwarding Score: 0.4863

  --- Cumulative Engine Stats ---
  MAC Learned         : 36
  MAC Updated         : 117
  TTL Expired         : 21
  Entries Evicted     : 0
  Unknown Unicast (Σ) : 10

  --- Forwarding Table ---
  MAC                 Switch   Port    TX    TTL  Priority   Score  Flaps
  ─────────────────── ──────── ──── ───── ────── ───────── ─────── ──────
  aa:bb:cc:dd:ee:03   g0_s0       3     5   40.2    0.3546  0.6444      0
  aa:bb:cc:dd:ee:04   g1_s0       1     5   40.2    0.3543  0.6444      0
  aa:bb:cc:dd:ee:05   g0_s1       4    10   49.0    0.2761  0.7172      0
  aa:bb:cc:dd:ee:06   g1_s0       2    10   49.0    0.2758  0.7172      0
  aa:bb:cc:dd:ee:07   g1_s1       3    20   58.3    0.2182  0.7949      0
  aa:bb:cc:dd:ee:08   g1_s1       4    50   60.0    0.2044  0.8091      0
  fa:98:de:91:a2:c3   g2_s1       1     0   14.4    0.5435  0.4292      0
  12:e6:3d:ef:4c:96   g2_s1       2     0   14.4    0.5431  0.4292      0
  9e:28:9b:61:d4:2e   g2_s1       2     0   14.4    0.5427  0.4292      0
  3e:36:33:a6:63:b5   g2_s1       2     0   14.4    0.5423  0.4292      0
  46:06:45:0a:85:d3   g2_s1       2     0   14.4    0.5419  0.4292      0
  16:01:5f:7d:ff:66   g2_s1       2     0   14.4    0.5414  0.4292      0
  aa:5a:63:bb:ad:c7   g2_s0       2     0   10.0    3.1938  0.3924      9
  aa:bb:cc:dd:ee:01   g0_s0       1     2   30.0    0.0000  0.0000      0
  aa:bb:cc:dd:ee:02   g0_s1       2     2   30.0    0.0000  0.0000      0


────────────────────────────────────────────────────────────
  CYCLE    8   |   2026-06-30 05:10:36
────────────────────────────────────────────────────────────
  Table Size          : 13
  Unicast Forwarded   : 8
  Unknown Unicast Flood: 0
  Avg TTL             : 32.00 s
  Avg Priority Score  : 0.5151
  Avg Forwarding Score: 0.5758

  --- Cumulative Engine Stats ---
  MAC Learned         : 41
  MAC Updated         : 137
  TTL Expired         : 28
  Entries Evicted     : 0
  Unknown Unicast (Σ) : 10

  --- Forwarding Table ---
  MAC                 Switch   Port    TX    TTL  Priority   Score  Flaps
  ─────────────────── ──────── ──── ───── ────── ───────── ─────── ──────
  aa:bb:cc:dd:ee:03   g0_s0       3     5   40.2    0.3965  0.6444      0
  aa:bb:cc:dd:ee:04   g1_s0       1     5   40.2    0.3962  0.6444      0
  aa:bb:cc:dd:ee:05   g0_s1       4    10   49.0    0.3105  0.7172      0
  aa:bb:cc:dd:ee:06   g1_s0       2    10   49.0    0.3103  0.7172      0
  aa:bb:cc:dd:ee:07   g1_s1       3    20   58.3    0.2471  0.7949      0
  aa:bb:cc:dd:ee:08   g1_s1       4    50   60.0    0.2325  0.8091      0
  aa:bb:cc:dd:ee:01   g0_s0       1     2   30.2    0.2421  0.5612      0
  aa:bb:cc:dd:ee:02   g0_s1       2     2   30.2    0.2418  0.5612      0
  56:6f:aa:f9:58:e1   g2_s1       2     0   10.0    1.8317  0.3924      5
  12:34:77:94:dd:6a   g2_s1       2     0   10.0    1.2293  0.3924      3
  0e:c8:76:0d:2c:f4   g2_s1       2     0   10.0    0.6261  0.3924      1
  de:64:e8:02:ca:18   g2_s1       2     0   14.4    0.3163  0.4292      0
  7a:e0:13:2d:08:f9   g2_s1       2     0   14.4    0.3160  0.4292      0


────────────────────────────────────────────────────────────
  CYCLE    9   |   2026-06-30 05:10:41
────────────────────────────────────────────────────────────
  Table Size          : 20
  Unicast Forwarded   : 6
  Unknown Unicast Flood: 2
  Avg TTL             : 24.60 s
  Avg Priority Score  : 0.6964
  Avg Forwarding Score: 0.4582

  --- Cumulative Engine Stats ---
  MAC Learned         : 50
  MAC Updated         : 155
  TTL Expired         : 30
  Entries Evicted     : 0
  Unknown Unicast (Σ) : 12

  --- Forwarding Table ---
  MAC                 Switch   Port    TX    TTL  Priority   Score  Flaps
  ─────────────────── ──────── ──── ───── ────── ───────── ─────── ──────
  aa:bb:cc:dd:ee:05   g0_s1       4    10   49.0    0.3453  0.7172      0
  aa:bb:cc:dd:ee:06   g1_s0       2    10   49.0    0.3451  0.7172      0
  aa:bb:cc:dd:ee:07   g1_s1       3    20   58.3    0.2764  0.7949      0
  aa:bb:cc:dd:ee:08   g1_s1       4    50   60.0    0.2609  0.8091      0
  aa:bb:cc:dd:ee:01   g0_s0       1     2   30.2    0.2984  0.5612      0
  aa:bb:cc:dd:ee:02   g0_s1       2     2   30.2    0.2981  0.5612      0
  56:6f:aa:f9:58:e1   g2_s1       2     0   10.0    3.8020  0.3924     11
  12:34:77:94:dd:6a   g2_s1       2     0   10.0    2.5995  0.3924      7
  0e:c8:76:0d:2c:f4   g2_s1       2     0   10.0    1.3964  0.3924      3
  de:64:e8:02:ca:18   g2_s1       2     0   14.4    0.4344  0.4292      0
  7a:e0:13:2d:08:f9   g2_s1       2     0   14.4    0.4342  0.4292      0
  aa:5a:63:bb:ad:c7   g2_s0       2     0   10.0    1.5354  0.3924      4
  fa:98:de:91:a2:c3   g2_s1       1     0   14.4    0.3179  0.4292      0
  12:e6:3d:ef:4c:96   g2_s1       2     0   14.4    0.3175  0.4292      0
  9e:28:9b:61:d4:2e   g2_s1       2     0   14.4    0.3171  0.4292      0
  3e:36:33:a6:63:b5   g2_s1       2     0   14.4    0.3166  0.4292      0
  46:06:45:0a:85:d3   g2_s1       2     0   14.4    0.3162  0.4292      0
  16:01:5f:7d:ff:66   g2_s1       2     0   14.4    0.3158  0.4292      0
  aa:bb:cc:dd:ee:03   g0_s0       3     5   30.0    0.0000  0.0000      0
  aa:bb:cc:dd:ee:04   g1_s0       1     5   30.0    0.0000  0.0000      0


────────────────────────────────────────────────────────────
  CYCLE   10   |   2026-06-30 05:10:47
────────────────────────────────────────────────────────────
  Table Size          : 17
  Unicast Forwarded   : 6
  Unknown Unicast Flood: 2
  Avg TTL             : 26.15 s
  Avg Priority Score  : 0.5008
  Avg Forwarding Score: 0.4612

  --- Cumulative Engine Stats ---
  MAC Learned         : 52
  MAC Updated         : 180
  TTL Expired         : 35
  Entries Evicted     : 0
  Unknown Unicast (Σ) : 14

  --- Forwarding Table ---
  MAC                 Switch   Port    TX    TTL  Priority   Score  Flaps
  ─────────────────── ──────── ──── ───── ────── ───────── ─────── ──────
  aa:bb:cc:dd:ee:07   g1_s1       3    20   58.3    0.3052  0.7949      0
  aa:bb:cc:dd:ee:08   g1_s1       4    50   60.0    0.2889  0.8091      0
  aa:bb:cc:dd:ee:01   g0_s0       1     2   30.2    0.3540  0.5612      0
  aa:bb:cc:dd:ee:02   g0_s1       2     2   30.2    0.3537  0.5612      0
  de:64:e8:02:ca:18   g2_s1       2     0   14.4    0.5511  0.4292      0
  7a:e0:13:2d:08:f9   g2_s1       2     0   14.4    0.5509  0.4292      0
  aa:5a:63:bb:ad:c7   g2_s0       2     0   10.0    3.2035  0.3924      9
  fa:98:de:91:a2:c3   g2_s1       1     0   14.4    0.4346  0.4292      0
  12:e6:3d:ef:4c:96   g2_s1       2     0   14.4    0.4342  0.4292      0
  9e:28:9b:61:d4:2e   g2_s1       2     0   14.4    0.4337  0.4292      0
  3e:36:33:a6:63:b5   g2_s1       2     0   14.4    0.4333  0.4292      0
  46:06:45:0a:85:d3   g2_s1       2     0   14.4    0.4329  0.4292      0
  16:01:5f:7d:ff:66   g2_s1       2     0   14.4    0.4325  0.4292      0
  aa:bb:cc:dd:ee:03   g0_s0       3     5   40.2    0.1524  0.6444      0
  aa:bb:cc:dd:ee:04   g1_s0       1     5   40.2    0.1521  0.6444      0
  aa:bb:cc:dd:ee:05   g0_s1       4    10   30.0    0.0000  0.0000      0
  aa:bb:cc:dd:ee:06   g1_s0       2    10   30.0    0.0000  0.0000      0


────────────────────────────────────────────────────────────
  CYCLE   11   |   2026-06-30 05:10:52
────────────────────────────────────────────────────────────
  Table Size          : 17
  Unicast Forwarded   : 8
  Unknown Unicast Flood: 0
  Avg TTL             : 27.86 s
  Avg Priority Score  : 0.5338
  Avg Forwarding Score: 0.5413

  --- Cumulative Engine Stats ---
  MAC Learned         : 55
  MAC Updated         : 202
  TTL Expired         : 38
  Entries Evicted     : 0
  Unknown Unicast (Σ) : 14

  --- Forwarding Table ---
  MAC                 Switch   Port    TX    TTL  Priority   Score  Flaps
  ─────────────────── ──────── ──── ───── ────── ───────── ─────── ──────
  aa:bb:cc:dd:ee:07   g1_s1       3    20   58.3    0.3343  0.7949      0
  aa:bb:cc:dd:ee:08   g1_s1       4    50   60.0    0.3171  0.8091      0
  aa:bb:cc:dd:ee:01   g0_s0       1     2   30.2    0.4100  0.5612      0
  aa:bb:cc:dd:ee:02   g0_s1       2     2   30.2    0.4097  0.5612      0
  fa:98:de:91:a2:c3   g2_s1       1     0   14.4    0.5521  0.4292      0
  12:e6:3d:ef:4c:96   g2_s1       2     0   14.4    0.5517  0.4292      0
  9e:28:9b:61:d4:2e   g2_s1       2     0   14.4    0.5513  0.4292      0
  3e:36:33:a6:63:b5   g2_s1       2     0   14.4    0.5508  0.4292      0
  46:06:45:0a:85:d3   g2_s1       2     0   14.4    0.5504  0.4292      0
  16:01:5f:7d:ff:66   g2_s1       2     0   14.4    0.5500  0.4292      0
  aa:bb:cc:dd:ee:03   g0_s0       3     5   40.2    0.1945  0.6444      0
  aa:bb:cc:dd:ee:04   g1_s0       1     5   40.2    0.1942  0.6444      0
  aa:bb:cc:dd:ee:05   g0_s1       4    10   49.0    0.1104  0.7172      0
  aa:bb:cc:dd:ee:06   g1_s0       2    10   49.0    0.1102  0.7172      0
  56:6f:aa:f9:58:e1   g2_s1       2     0   10.0    1.8326  0.3924      5
  12:34:77:94:dd:6a   g2_s1       2     0   10.0    1.2296  0.3924      3
  0e:c8:76:0d:2c:f4   g2_s1       2     0   10.0    0.6255  0.3924      1


────────────────────────────────────────────────────────────
  CYCLE   12   |   2026-06-30 05:10:58
────────────────────────────────────────────────────────────
  Table Size          : 14
  Unicast Forwarded   : 6
  Unknown Unicast Flood: 2
  Avg TTL             : 26.27 s
  Avg Priority Score  : 0.8317
  Avg Forwarding Score: 0.4481

  --- Cumulative Engine Stats ---
  MAC Learned         : 60
  MAC Updated         : 224
  TTL Expired         : 46
  Entries Evicted     : 0
  Unknown Unicast (Σ) : 16

  --- Forwarding Table ---
  MAC                 Switch   Port    TX    TTL  Priority   Score  Flaps
  ─────────────────── ──────── ──── ───── ────── ───────── ─────── ──────
  aa:bb:cc:dd:ee:01   g0_s0       1     2   30.2    0.4650  0.5612      0
  aa:bb:cc:dd:ee:02   g0_s1       2     2   30.2    0.4647  0.5612      0
  aa:bb:cc:dd:ee:03   g0_s0       3     5   40.2    0.2358  0.6444      0
  aa:bb:cc:dd:ee:04   g1_s0       1     5   40.2    0.2355  0.6444      0
  aa:bb:cc:dd:ee:05   g0_s1       4    10   49.0    0.1444  0.7172      0
  aa:bb:cc:dd:ee:06   g1_s0       2    10   49.0    0.1441  0.7172      0
  56:6f:aa:f9:58:e1   g2_s1       2     0   10.0    3.7989  0.3924     11
  12:34:77:94:dd:6a   g2_s1       2     0   10.0    2.5960  0.3924      7
  0e:c8:76:0d:2c:f4   g2_s1       2     0   10.0    1.3921  0.3924      3
  aa:5a:63:bb:ad:c7   g2_s0       2     0   10.0    1.5341  0.3924      4
  de:64:e8:02:ca:18   g2_s1       2     0   14.4    0.3168  0.4292      0
  7a:e0:13:2d:08:f9   g2_s1       2     0   14.4    0.3164  0.4292      0
  aa:bb:cc:dd:ee:07   g1_s1       3    20   30.0    0.0000  0.0000      0
  aa:bb:cc:dd:ee:08   g1_s1       4    50   30.0    0.0000  0.0000      0


────────────────────────────────────────────────────────────
  CYCLE   13   |   2026-06-30 05:11:04
────────────────────────────────────────────────────────────
  Table Size          : 19
  Unicast Forwarded   : 6
  Unknown Unicast Flood: 2
  Avg TTL             : 25.89 s
  Avg Priority Score  : 0.6647
  Avg Forwarding Score: 0.4649

  --- Cumulative Engine Stats ---
  MAC Learned         : 70
  MAC Updated         : 259
  TTL Expired         : 51
  Entries Evicted     : 0
  Unknown Unicast (Σ) : 18

  --- Forwarding Table ---
  MAC                 Switch   Port    TX    TTL  Priority   Score  Flaps
  ─────────────────── ──────── ──── ───── ────── ───────── ─────── ──────
  aa:bb:cc:dd:ee:03   g0_s0       3     5   40.1    0.2823  0.6419      0
  aa:bb:cc:dd:ee:04   g1_s0       1     5   40.1    0.2819  0.6419      0
  aa:bb:cc:dd:ee:05   g0_s1       4    10   48.8    0.1825  0.7144      0
  aa:bb:cc:dd:ee:06   g1_s0       2    10   48.8    0.1823  0.7144      0
  aa:5a:63:bb:ad:c7   g2_s0       2     0   10.0    3.2161  0.3912      9
  de:64:e8:02:ca:18   g2_s1       2     0   14.4    0.4437  0.4276      0
  7a:e0:13:2d:08:f9   g2_s1       2     0   14.4    0.4434  0.4276      0
  aa:bb:cc:dd:ee:07   g1_s1       3    20   58.1    0.0821  0.7917      0
  aa:bb:cc:dd:ee:08   g1_s1       4    50   60.0    0.0716  0.8079      0
  ba:b2:31:3e:53:3c   g0_s1       2     0   10.0    0.6428  0.3912      1
  fa:98:de:91:a2:c3   g2_s1       1     0   10.0    1.8422  0.3912      5
  12:e6:3d:ef:4c:96   g2_s1       2     0   10.0    1.8417  0.3912      5
  3e:36:33:a6:63:b5   g2_s1       2     0   10.0    1.8410  0.3912      5
  4e:07:72:c0:05:60   g1_s1       2     0   14.4    0.3220  0.4276      0
  9e:28:9b:61:d4:2e   g2_s1       2     0   14.4    0.3182  0.4276      0
  46:06:45:0a:85:d3   g2_s1       2     0   14.4    0.3178  0.4276      0
  16:01:5f:7d:ff:66   g2_s1       2     0   14.4    0.3173  0.4276      0
  aa:bb:cc:dd:ee:01   g0_s0       1     2   30.0    0.0000  0.0000      0
  aa:bb:cc:dd:ee:02   g0_s1       2     2   30.0    0.0000  0.0000      0


────────────────────────────────────────────────────────────
  CYCLE   14   |   2026-06-30 05:11:10
────────────────────────────────────────────────────────────
  Table Size          : 22
  Unicast Forwarded   : 8
  Unknown Unicast Flood: 0
  Avg TTL             : 23.47 s
  Avg Priority Score  : 1.1031
  Avg Forwarding Score: 0.5023

  --- Cumulative Engine Stats ---
  MAC Learned         : 75
  MAC Updated         : 311
  TTL Expired         : 53
  Entries Evicted     : 0
  Unknown Unicast (Σ) : 18

  --- Forwarding Table ---
  MAC                 Switch   Port    TX    TTL  Priority   Score  Flaps
  ─────────────────── ──────── ──── ───── ────── ───────── ─────── ──────
  aa:bb:cc:dd:ee:03   g0_s0       3     5   39.9    0.3301  0.6393      0
  aa:bb:cc:dd:ee:04   g1_s0       1     5   39.9    0.3298  0.6393      0
  aa:bb:cc:dd:ee:05   g0_s1       4    10   48.6    0.2218  0.7116      0
  aa:bb:cc:dd:ee:06   g1_s0       2    10   48.6    0.2216  0.7116      0
  de:64:e8:02:ca:18   g2_s1       2     0   14.3    0.5746  0.4259      0
  aa:bb:cc:dd:ee:07   g1_s1       3    20   57.8    0.1150  0.7886      0
  aa:bb:cc:dd:ee:08   g1_s1       4    50   60.0    0.1029  0.8067      0
  ba:b2:31:3e:53:3c   g0_s1       2     0   10.0    1.4290  0.3901      3
  fa:98:de:91:a2:c3   g2_s1       1     0   10.0    3.8284  0.3901     11
  12:e6:3d:ef:4c:96   g2_s1       2     0   10.0    3.8278  0.3901     11
  3e:36:33:a6:63:b5   g2_s1       2     0   10.0    3.8271  0.3901     11
  4e:07:72:c0:05:60   g1_s1       2     0   14.3    0.4524  0.4259      0
  9e:28:9b:61:d4:2e   g2_s1       2     0   10.0    2.3132  0.3901      6
  46:06:45:0a:85:d3   g2_s1       2     0   14.3    0.4482  0.4259      0
  16:01:5f:7d:ff:66   g2_s1       2     0   14.3    0.4477  0.4259      0
  aa:bb:cc:dd:ee:01   g0_s0       1     2   30.0    0.2496  0.5567      0
  aa:bb:cc:dd:ee:02   g0_s1       2     2   30.0    0.2493  0.5567      0
  56:6f:aa:f9:58:e1   g2_s1       2     0   10.0    1.8507  0.3901      5
  d6:65:a5:b8:df:c5   g1_s1       2     0   10.0    1.2476  0.3901      3
  96:ca:29:74:b7:8a   g0_s1       2     0   14.3    0.3297  0.4259      0
  12:34:77:94:dd:6a   g2_s1       2     0   10.0    1.2403  0.3901      3
  0e:c8:76:0d:2c:f4   g2_s1       2     0   10.0    0.6313  0.3901      1


────────────────────────────────────────────────────────────
  CYCLE   15   |   2026-06-30 05:11:17
────────────────────────────────────────────────────────────
  Table Size          : 17
  Unicast Forwarded   : 8
  Unknown Unicast Flood: 0
  Avg TTL             : 26.92 s
  Avg Priority Score  : 1.0242
  Avg Forwarding Score: 0.5311

  --- Cumulative Engine Stats ---
  MAC Learned         : 77
  MAC Updated         : 375
  TTL Expired         : 60
  Entries Evicted     : 0
  Unknown Unicast (Σ) : 18

  --- Forwarding Table ---
  MAC                 Switch   Port    TX    TTL  Priority   Score  Flaps
  ─────────────────── ──────── ──── ───── ────── ───────── ─────── ──────
  aa:bb:cc:dd:ee:03   g0_s0       3     5   39.9    0.3768  0.6393      0
  aa:bb:cc:dd:ee:04   g1_s0       1     5   39.9    0.3764  0.6393      0
  aa:bb:cc:dd:ee:05   g0_s1       4    10   48.6    0.2601  0.7116      0
  aa:bb:cc:dd:ee:06   g1_s0       2    10   48.6    0.2599  0.7116      0
  aa:bb:cc:dd:ee:07   g1_s1       3    20   57.8    0.1471  0.7886      0
  aa:bb:cc:dd:ee:08   g1_s1       4    50   60.0    0.1339  0.8067      0
  4e:07:72:c0:05:60   g1_s1       2     0   14.3    0.5826  0.4259      0
  16:01:5f:7d:ff:66   g2_s1       2     0   14.3    0.5779  0.4259      0
  aa:bb:cc:dd:ee:01   g0_s0       1     2   30.0    0.3117  0.5567      0
  aa:bb:cc:dd:ee:02   g0_s1       2     2   30.0    0.3113  0.5567      0
  56:6f:aa:f9:58:e1   g2_s1       2     0   10.0    3.8369  0.3901     11
  d6:65:a5:b8:df:c5   g1_s1       2     0   10.0    2.6338  0.3901      7
  96:ca:29:74:b7:8a   g0_s1       2     0   14.3    0.4599  0.4259      0
  12:34:77:94:dd:6a   g2_s1       2     0   10.0    2.6265  0.3901      7
  0e:c8:76:0d:2c:f4   g2_s1       2     0   10.0    1.4175  0.3901      3
  7a:e0:13:2d:08:f9   g2_s1       2     0   10.0    1.5501  0.3901      4
  aa:5a:63:bb:ad:c7   g2_s0       2     0   10.0    1.5496  0.3901      4


────────────────────────────────────────────────────────────
  CYCLE   16   |   2026-06-30 05:11:23
────────────────────────────────────────────────────────────
  Table Size          : 18
  Unicast Forwarded   : 6
  Unknown Unicast Flood: 2
  Avg TTL             : 24.40 s
  Avg Priority Score  : 1.1241
  Avg Forwarding Score: 0.4483

  --- Cumulative Engine Stats ---
  MAC Learned         : 86
  MAC Updated         : 434
  TTL Expired         : 68
  Entries Evicted     : 0
  Unknown Unicast (Σ) : 20

  --- Forwarding Table ---
  MAC                 Switch   Port    TX    TTL  Priority   Score  Flaps
  ─────────────────── ──────── ──── ───── ────── ───────── ─────── ──────
  aa:bb:cc:dd:ee:05   g0_s1       4    10   48.6    0.2990  0.7116      0
  aa:bb:cc:dd:ee:06   g1_s0       2    10   48.6    0.2988  0.7116      0
  aa:bb:cc:dd:ee:07   g1_s1       3    20   57.8    0.1798  0.7886      0
  aa:bb:cc:dd:ee:08   g1_s1       4    50   60.0    0.1654  0.8067      0
  aa:bb:cc:dd:ee:01   g0_s0       1     2   30.0    0.3746  0.5567      0
  aa:bb:cc:dd:ee:02   g0_s1       2     2   30.0    0.3743  0.5567      0
  96:ca:29:74:b7:8a   g0_s1       2     0   14.3    0.5919  0.4259      0
  7a:e0:13:2d:08:f9   g2_s1       2     0   10.0    3.2390  0.3901      9
  aa:5a:63:bb:ad:c7   g2_s0       2     0   10.0    3.2385  0.3901      9
  fa:98:de:91:a2:c3   g2_s1       1     0   10.0    1.8550  0.3901      5
  12:e6:3d:ef:4c:96   g2_s1       2     0   10.0    1.8544  0.3901      5
  3e:36:33:a6:63:b5   g2_s1       2     0   10.0    1.8538  0.3901      5
  9e:28:9b:61:d4:2e   g2_s1       2     0   10.0    1.8532  0.3901      5
  46:06:45:0a:85:d3   g2_s1       2     0   10.0    1.8527  0.3901      5
  ba:b2:31:3e:53:3c   g0_s1       2     0   10.0    0.6521  0.3901      1
  de:64:e8:02:ca:18   g2_s1       2     0   10.0    1.5516  0.3901      4
  aa:bb:cc:dd:ee:03   g0_s0       3     5   30.0    0.0000  0.0000      0
  aa:bb:cc:dd:ee:04   g1_s0       1     5   30.0    0.0000  0.0000      0


────────────────────────────────────────────────────────────
  CYCLE   17   |   2026-06-30 05:11:29
────────────────────────────────────────────────────────────
  Table Size          : 21
  Unicast Forwarded   : 8
  Unknown Unicast Flood: 0
  Avg TTL             : 23.50 s
  Avg Priority Score  : 1.5164
  Avg Forwarding Score: 0.5025

  --- Cumulative Engine Stats ---
  MAC Learned         : 92
  MAC Updated         : 494
  TTL Expired         : 71
  Entries Evicted     : 0
  Unknown Unicast (Σ) : 20

  --- Forwarding Table ---
  MAC                 Switch   Port    TX    TTL  Priority   Score  Flaps
  ─────────────────── ──────── ──── ───── ────── ───────── ─────── ──────
  aa:bb:cc:dd:ee:05   g0_s1       4    10   48.6    0.3391  0.7116      0
  aa:bb:cc:dd:ee:06   g1_s0       2    10   48.6    0.3389  0.7116      0
  aa:bb:cc:dd:ee:07   g1_s1       3    20   57.8    0.2135  0.7886      0
  aa:bb:cc:dd:ee:08   g1_s1       4    50   60.0    0.1978  0.8067      0
  aa:bb:cc:dd:ee:01   g0_s0       1     2   30.0    0.4395  0.5567      0
  aa:bb:cc:dd:ee:02   g0_s1       2     2   30.0    0.4392  0.5567      0
  fa:98:de:91:a2:c3   g2_s1       1     0   10.0    3.8496  0.3901     11
  12:e6:3d:ef:4c:96   g2_s1       2     0   10.0    3.8490  0.3901     11
  3e:36:33:a6:63:b5   g2_s1       2     0   10.0    3.8484  0.3901     11
  9e:28:9b:61:d4:2e   g2_s1       2     0   10.0    3.8478  0.3901     11
  46:06:45:0a:85:d3   g2_s1       2     0   10.0    3.8473  0.3901     11
  ba:b2:31:3e:53:3c   g0_s1       2     0   10.0    1.4467  0.3901      3
  de:64:e8:02:ca:18   g2_s1       2     0   10.0    3.2462  0.3901      9
  aa:bb:cc:dd:ee:03   g0_s0       3     5   39.9    0.1598  0.6393      0
  aa:bb:cc:dd:ee:04   g1_s0       1     5   39.9    0.1594  0.6393      0
  56:6f:aa:f9:58:e1   g2_s1       2     0   10.0    1.8577  0.3901      5
  d6:65:a5:b8:df:c5   g1_s1       2     0   10.0    1.2533  0.3901      3
  12:34:77:94:dd:6a   g2_s1       2     0   10.0    1.2427  0.3901      3
  4e:07:72:c0:05:60   g1_s1       2     0   14.3    0.3241  0.4259      0
  0e:c8:76:0d:2c:f4   g2_s1       2     0   10.0    0.6292  0.3901      1
  16:01:5f:7d:ff:66   g2_s1       2     0   14.3    0.3158  0.4259      0


────────────────────────────────────────────────────────────
  CYCLE   18   |   2026-06-30 05:11:36
────────────────────────────────────────────────────────────
  Table Size          : 17
  Unicast Forwarded   : 6
  Unknown Unicast Flood: 2
  Avg TTL             : 26.92 s
  Avg Priority Score  : 0.9706
  Avg Forwarding Score: 0.4656

  --- Cumulative Engine Stats ---
  MAC Learned         : 97
  MAC Updated         : 557
  TTL Expired         : 80
  Entries Evicted     : 0
  Unknown Unicast (Σ) : 22

  --- Forwarding Table ---
  MAC                 Switch   Port    TX    TTL  Priority   Score  Flaps
  ─────────────────── ──────── ──── ───── ────── ───────── ─────── ──────
  aa:bb:cc:dd:ee:05   g0_s1       4    10   48.6    0.3774  0.7116      0
  aa:bb:cc:dd:ee:06   g1_s0       2    10   48.6    0.3772  0.7116      0
  aa:bb:cc:dd:ee:07   g1_s1       3    20   57.8    0.2457  0.7886      0
  aa:bb:cc:dd:ee:08   g1_s1       4    50   60.0    0.2288  0.8067      0
  aa:bb:cc:dd:ee:03   g0_s0       3     5   39.9    0.2063  0.6393      0
  aa:bb:cc:dd:ee:04   g1_s0       1     5   39.9    0.2060  0.6393      0
  56:6f:aa:f9:58:e1   g2_s1       2     0   10.0    3.8435  0.3901     11
  d6:65:a5:b8:df:c5   g1_s1       2     0   10.0    2.6391  0.3901      7
  12:34:77:94:dd:6a   g2_s1       2     0   10.0    2.6286  0.3901      7
  4e:07:72:c0:05:60   g1_s1       2     0   14.3    0.4541  0.4259      0
  0e:c8:76:0d:2c:f4   g2_s1       2     0   10.0    1.4151  0.3901      3
  16:01:5f:7d:ff:66   g2_s1       2     0   14.3    0.4458  0.4259      0
  7a:e0:13:2d:08:f9   g2_s1       2     0   10.0    1.5503  0.3901      4
  aa:5a:63:bb:ad:c7   g2_s0       2     0   10.0    1.5499  0.3901      4
  96:ca:29:74:b7:8a   g0_s1       2     0   14.3    0.3320  0.4259      0
  aa:bb:cc:dd:ee:01   g0_s0       1     2   30.0    0.0000  0.0000      0
  aa:bb:cc:dd:ee:02   g0_s1       2     2   30.0    0.0000  0.0000      0


────────────────────────────────────────────────────────────
  CYCLE   19   |   2026-06-30 05:11:42
────────────────────────────────────────────────────────────
  Table Size          : 20
  Unicast Forwarded   : 6
  Unknown Unicast Flood: 2
  Avg TTL             : 22.53 s
  Avg Priority Score  : 1.0569
  Avg Forwarding Score: 0.4388

  --- Cumulative Engine Stats ---
  MAC Learned         : 106
  MAC Updated         : 616
  TTL Expired         : 86
  Entries Evicted     : 0
  Unknown Unicast (Σ) : 24

  --- Forwarding Table ---
  MAC                 Switch   Port    TX    TTL  Priority   Score  Flaps
  ─────────────────── ──────── ──── ───── ────── ───────── ─────── ──────
  aa:bb:cc:dd:ee:07   g1_s1       3    20   57.8    0.2788  0.7886      0
  aa:bb:cc:dd:ee:08   g1_s1       4    50   60.0    0.2608  0.8067      0
  aa:bb:cc:dd:ee:03   g0_s0       3     5   39.9    0.2543  0.6393      0
  aa:bb:cc:dd:ee:04   g1_s0       1     5   39.9    0.2540  0.6393      0
  4e:07:72:c0:05:60   g1_s1       2     0   14.3    0.5880  0.4259      0
  16:01:5f:7d:ff:66   g2_s1       2     0   14.3    0.5796  0.4259      0
  7a:e0:13:2d:08:f9   g2_s1       2     0   10.0    3.2417  0.3901      9
  aa:5a:63:bb:ad:c7   g2_s0       2     0   10.0    3.2413  0.3901      9
  96:ca:29:74:b7:8a   g0_s1       2     0   14.3    0.4658  0.4259      0
  aa:bb:cc:dd:ee:01   g0_s0       1     2   30.0    0.2508  0.5567      0
  aa:bb:cc:dd:ee:02   g0_s1       2     2   30.0    0.2505  0.5567      0
  fa:98:de:91:a2:c3   g2_s1       1     0   10.0    1.8546  0.3901      5
  12:e6:3d:ef:4c:96   g2_s1       2     0   10.0    1.8545  0.3901      5
  3e:36:33:a6:63:b5   g2_s1       2     0   10.0    1.8538  0.3901      5
  9e:28:9b:61:d4:2e   g2_s1       2     0   10.0    1.8532  0.3901      5
  46:06:45:0a:85:d3   g2_s1       2     0   10.0    1.8527  0.3901      5
  ba:b2:31:3e:53:3c   g0_s1       2     0   10.0    0.6521  0.3901      1
  de:64:e8:02:ca:18   g2_s1       2     0   10.0    1.5517  0.3901      4
  aa:bb:cc:dd:ee:05   g0_s1       4    10   30.0    0.0000  0.0000      0
  aa:bb:cc:dd:ee:06   g1_s0       2    10   30.0    0.0000  0.0000      0


────────────────────────────────────────────────────────────
  CYCLE   20   |   2026-06-30 05:11:48
────────────────────────────────────────────────────────────
  Table Size          : 20
  Unicast Forwarded   : 8
  Unknown Unicast Flood: 0
  Avg TTL             : 23.95 s
  Avg Priority Score  : 1.5777
  Avg Forwarding Score: 0.5064

  --- Cumulative Engine Stats ---
  MAC Learned         : 110
  MAC Updated         : 678
  TTL Expired         : 90
  Entries Evicted     : 0
  Unknown Unicast (Σ) : 24

  --- Forwarding Table ---
  MAC                 Switch   Port    TX    TTL  Priority   Score  Flaps
  ─────────────────── ──────── ──── ───── ────── ───────── ─────── ──────
  aa:bb:cc:dd:ee:07   g1_s1       3    20   57.8    0.3119  0.7886      0
  aa:bb:cc:dd:ee:08   g1_s1       4    50   60.0    0.2927  0.8067      0
  aa:bb:cc:dd:ee:03   g0_s0       3     5   39.9    0.3023  0.6393      0
  aa:bb:cc:dd:ee:04   g1_s0       1     5   39.9    0.3019  0.6393      0
  96:ca:29:74:b7:8a   g0_s1       2     0   14.3    0.5997  0.4259      0
  aa:bb:cc:dd:ee:01   g0_s0       1     2   30.0    0.3146  0.5567      0
  aa:bb:cc:dd:ee:02   g0_s1       2     2   30.0    0.3143  0.5567      0
  fa:98:de:91:a2:c3   g2_s1       1     0   10.0    3.8461  0.3901     11
  12:e6:3d:ef:4c:96   g2_s1       2     0   10.0    3.8459  0.3901     11
  3e:36:33:a6:63:b5   g2_s1       2     0   10.0    3.8452  0.3901     11
  9e:28:9b:61:d4:2e   g2_s1       2     0   10.0    3.8446  0.3901     11
  46:06:45:0a:85:d3   g2_s1       2     0   10.0    3.8442  0.3901     11
  ba:b2:31:3e:53:3c   g0_s1       2     0   10.0    1.4436  0.3901      3
  de:64:e8:02:ca:18   g2_s1       2     0   10.0    3.2431  0.3901      9
  aa:bb:cc:dd:ee:05   g0_s1       4    10   48.6    0.1164  0.7116      0
  aa:bb:cc:dd:ee:06   g1_s0       2    10   48.6    0.1162  0.7116      0
  d6:65:a5:b8:df:c5   g1_s1       2     0   10.0    1.2522  0.3901      3
  56:6f:aa:f9:58:e1   g2_s1       2     0   10.0    1.8506  0.3901      5
  12:34:77:94:dd:6a   g2_s1       2     0   10.0    1.2392  0.3901      3
  0e:c8:76:0d:2c:f4   g2_s1       2     0   10.0    0.6290  0.3901      1


────────────────────────────────────────────────────────────
  CYCLE   21   |   2026-06-30 05:11:55
────────────────────────────────────────────────────────────
  Table Size          : 16
  Unicast Forwarded   : 8
  Unknown Unicast Flood: 0
  Avg TTL             : 27.71 s
  Avg Priority Score  : 1.0439
  Avg Forwarding Score: 0.5377

  --- Cumulative Engine Stats ---
  MAC Learned         : 114
  MAC Updated         : 740
  TTL Expired         : 98
  Entries Evicted     : 0
  Unknown Unicast (Σ) : 24

  --- Forwarding Table ---
  MAC                 Switch   Port    TX    TTL  Priority   Score  Flaps
  ─────────────────── ──────── ──── ───── ────── ───────── ─────── ──────
  aa:bb:cc:dd:ee:07   g1_s1       3    20   57.8    0.3445  0.7886      0
  aa:bb:cc:dd:ee:08   g1_s1       4    50   60.0    0.3241  0.8067      0
  aa:bb:cc:dd:ee:03   g0_s0       3     5   39.9    0.3495  0.6393      0
  aa:bb:cc:dd:ee:04   g1_s0       1     5   39.9    0.3492  0.6393      0
  aa:bb:cc:dd:ee:01   g0_s0       1     2   30.0    0.3775  0.5567      0
  aa:bb:cc:dd:ee:02   g0_s1       2     2   30.0    0.3772  0.5567      0
  aa:bb:cc:dd:ee:05   g0_s1       4    10   48.6    0.1553  0.7116      0
  aa:bb:cc:dd:ee:06   g1_s0       2    10   48.6    0.1550  0.7116      0
  d6:65:a5:b8:df:c5   g1_s1       2     0   10.0    2.6407  0.3901      7
  56:6f:aa:f9:58:e1   g2_s1       2     0   10.0    3.8391  0.3901     11
  12:34:77:94:dd:6a   g2_s1       2     0   10.0    2.6278  0.3901      7
  0e:c8:76:0d:2c:f4   g2_s1       2     0   10.0    1.4175  0.3901      3
  7a:e0:13:2d:08:f9   g2_s1       2     0   10.0    1.5523  0.3901      4
  aa:5a:63:bb:ad:c7   g2_s0       2     0   10.0    1.5518  0.3901      4
  4e:07:72:c0:05:60   g1_s1       2     0   14.3    0.3248  0.4259      0
  16:01:5f:7d:ff:66   g2_s1       2     0   14.3    0.3168  0.4259      0


────────────────────────────────────────────────────────────
  CYCLE   22   |   2026-06-30 05:12:01
────────────────────────────────────────────────────────────
  Table Size          : 20
  Unicast Forwarded   : 6
  Unknown Unicast Flood: 2
  Avg TTL             : 21.49 s
  Avg Priority Score  : 1.0652
  Avg Forwarding Score: 0.4302

  --- Cumulative Engine Stats ---
  MAC Learned         : 124
  MAC Updated         : 798
  TTL Expired         : 104
  Entries Evicted     : 0
  Unknown Unicast (Σ) : 26

  --- Forwarding Table ---
  MAC                 Switch   Port    TX    TTL  Priority   Score  Flaps
  ─────────────────── ──────── ──── ───── ────── ───────── ─────── ──────
  aa:bb:cc:dd:ee:03   g0_s0       3     5   39.9    0.3980  0.6393      0
  aa:bb:cc:dd:ee:04   g1_s0       1     5   39.9    0.3977  0.6393      0
  aa:bb:cc:dd:ee:01   g0_s0       1     2   30.0    0.4420  0.5567      0
  aa:bb:cc:dd:ee:02   g0_s1       2     2   30.0    0.4417  0.5567      0
  aa:bb:cc:dd:ee:05   g0_s1       4    10   48.6    0.1951  0.7116      0
  aa:bb:cc:dd:ee:06   g1_s0       2    10   48.6    0.1948  0.7116      0
  7a:e0:13:2d:08:f9   g2_s1       2     0   10.0    3.2456  0.3901      9
  aa:5a:63:bb:ad:c7   g2_s0       2     0   10.0    3.2451  0.3901      9
  4e:07:72:c0:05:60   g1_s1       2     0   14.3    0.4600  0.4259      0
  16:01:5f:7d:ff:66   g2_s1       2     0   14.3    0.4520  0.4259      0
  fa:98:de:91:a2:c3   g2_s1       1     0   10.0    1.8580  0.3901      5
  12:e6:3d:ef:4c:96   g2_s1       2     0   10.0    1.8579  0.3901      5
  3e:36:33:a6:63:b5   g2_s1       2     0   10.0    1.8572  0.3901      5
  9e:28:9b:61:d4:2e   g2_s1       2     0   10.0    1.8568  0.3901      5
  46:06:45:0a:85:d3   g2_s1       2     0   10.0    1.8563  0.3901      5
  ba:b2:31:3e:53:3c   g0_s1       2     0   10.0    0.6558  0.3901      1
  de:64:e8:02:ca:18   g2_s1       2     0   10.0    1.5554  0.3901      4
  96:ca:29:74:b7:8a   g0_s1       2     0   14.3    0.3344  0.4259      0
  aa:bb:cc:dd:ee:07   g1_s1       3    20   30.0    0.0000  0.0000      0
  aa:bb:cc:dd:ee:08   g1_s1       4    50   30.0    0.0000  0.0000      0


────────────────────────────────────────────────────────────
  CYCLE   23   |   2026-06-30 05:12:08
────────────────────────────────────────────────────────────
  Table Size          : 22
  Unicast Forwarded   : 4
  Unknown Unicast Flood: 4
  Avg TTL             : 22.18 s
  Avg Priority Score  : 1.4184
  Avg Forwarding Score: 0.3903

  --- Cumulative Engine Stats ---
  MAC Learned         : 132
  MAC Updated         : 860
  TTL Expired         : 110
  Entries Evicted     : 0
  Unknown Unicast (Σ) : 30

  --- Forwarding Table ---
  MAC                 Switch   Port    TX    TTL  Priority   Score  Flaps
  ─────────────────── ──────── ──── ───── ────── ───────── ─────── ──────
  aa:bb:cc:dd:ee:05   g0_s1       4    10   48.6    0.2349  0.7116      0
  aa:bb:cc:dd:ee:06   g1_s0       2    10   48.6    0.2346  0.7116      0
  4e:07:72:c0:05:60   g1_s1       2     0   14.3    0.5951  0.4259      0
  16:01:5f:7d:ff:66   g2_s1       2     0   14.3    0.5871  0.4259      0
  fa:98:de:91:a2:c3   g2_s1       1     0   10.0    3.8512  0.3901     11
  12:e6:3d:ef:4c:96   g2_s1       2     0   10.0    3.8511  0.3901     11
  3e:36:33:a6:63:b5   g2_s1       2     0   10.0    3.8504  0.3901     11
  9e:28:9b:61:d4:2e   g2_s1       2     0   10.0    3.8500  0.3901     11
  46:06:45:0a:85:d3   g2_s1       2     0   10.0    3.8495  0.3901     11
  ba:b2:31:3e:53:3c   g0_s1       2     0   10.0    1.4490  0.3901      3
  de:64:e8:02:ca:18   g2_s1       2     0   10.0    3.2486  0.3901      9
  96:ca:29:74:b7:8a   g0_s1       2     0   14.3    0.4695  0.4259      0
  aa:bb:cc:dd:ee:07   g1_s1       3    20   57.8    0.0850  0.7886      0
  aa:bb:cc:dd:ee:08   g1_s1       4    50   60.0    0.0740  0.8067      0
  d6:65:a5:b8:df:c5   g1_s1       2     0   10.0    1.2529  0.3901      3
  56:6f:aa:f9:58:e1   g2_s1       2     0   10.0    1.8512  0.3901      5
  12:34:77:94:dd:6a   g2_s1       2     0   10.0    1.2398  0.3901      3
  0e:c8:76:0d:2c:f4   g2_s1       2     0   10.0    0.6299  0.3901      1
  aa:bb:cc:dd:ee:01   g0_s0       1     2   30.0    0.0000  0.0000      0
  aa:bb:cc:dd:ee:02   g0_s1       2     2   30.0    0.0000  0.0000      0
  aa:bb:cc:dd:ee:03   g0_s0       3     5   30.0    0.0000  0.0000      0
  aa:bb:cc:dd:ee:04   g1_s0       1     5   30.0    0.0000  0.0000      0

